add: Binary { opcode: 1 }, add (2 -> 1)
sub: Binary { opcode: 3 }, sub (2 -> 1)
mul: Binary { opcode: 2 }, mul (2 -> 1)
div: Binary { opcode: 4 }, div (2 -> 1)
sdiv: Binary { opcode: 5 }, sdiv (2 -> 1)
mod: Binary { opcode: 6 }, mod (2 -> 1)
smod: Binary { opcode: 7 }, smod (2 -> 1)
exp: Binary { opcode: 10 }, exp (2 -> 1)
addmod: Nary { opcode: 8 }, addmod (3 -> 1)
mulmod: Nary { opcode: 9 }, mulmod (3 -> 1)
and: Binary { opcode: 22 }, and (2 -> 1)
or: Binary { opcode: 23 }, or (2 -> 1)
xor: Binary { opcode: 24 }, xor (2 -> 1)
not: Unary { opcode: 25 }, not (1 -> 1)
clz: Unary { opcode: 30 }, clz (1 -> 1)
shl: Binary { opcode: 27 }, shl (2 -> 1)
shr: Binary { opcode: 28 }, shr (2 -> 1)
sar: Binary { opcode: 29 }, sar (2 -> 1)
byte: Binary { opcode: 26 }, byte (2 -> 1)
lt: Binary { opcode: 16 }, lt (2 -> 1)
gt: Binary { opcode: 17 }, gt (2 -> 1)
slt: Binary { opcode: 18 }, slt (2 -> 1)
sgt: Binary { opcode: 19 }, sgt (2 -> 1)
eq: Binary { opcode: 20 }, eq (2 -> 1)
iszero: Unary { opcode: 21 }, iszero (1 -> 1)
mload: Unary { opcode: 81 }, mload (1 -> 1)
mstore: Store { opcode: 82 }, mstore (2 -> 0)
mstore8: Store { opcode: 83 }, mstore8 (2 -> 0)
msize: Nullary { opcode: 89 }, msize (0 -> 1)
mcopy: MemoryCopy { opcode: 94 }, mcopy (3 -> 0)
sload: Unary { opcode: 84 }, sload (1 -> 1)
sstore: Store { opcode: 85 }, sstore (2 -> 0)
tload: Unary { opcode: 92 }, tload (1 -> 1)
tstore: Store { opcode: 93 }, tstore (2 -> 0)
calldataload: Unary { opcode: 53 }, calldataload (1 -> 1)
calldatacopy: MemoryCopy { opcode: 55 }, calldatacopy (3 -> 0)
calldatasize: Nullary { opcode: 54 }, calldatasize (0 -> 1)
codesize: Nullary { opcode: 56 }, codesize (0 -> 1)
codecopy: MemoryCopy { opcode: 57 }, codecopy (3 -> 0)
extcodesize: Unary { opcode: 59 }, extcodesize (1 -> 1)
extcodecopy: MemoryCopy { opcode: 60 }, extcodecopy (4 -> 0)
extcodehash: Unary { opcode: 63 }, extcodehash (1 -> 1)
returndatasize: Nullary { opcode: 61 }, returndatasize (0 -> 1)
returndatacopy: MemoryCopy { opcode: 62 }, returndatacopy (3 -> 0)
caller: Nullary { opcode: 51 }, caller (0 -> 1)
callvalue: Nullary { opcode: 52 }, callvalue (0 -> 1)
origin: Nullary { opcode: 50 }, origin (0 -> 1)
gasprice: Nullary { opcode: 58 }, gasprice (0 -> 1)
blockhash: Unary { opcode: 64 }, blockhash (1 -> 1)
coinbase: Nullary { opcode: 65 }, coinbase (0 -> 1)
timestamp: Nullary { opcode: 66 }, timestamp (0 -> 1)
number: Nullary { opcode: 67 }, number (0 -> 1)
prevrandao: Nullary { opcode: 68 }, prevrandao (0 -> 1)
gaslimit: Nullary { opcode: 69 }, gaslimit (0 -> 1)
slotnum: Nullary { opcode: 75 }, slotnum (0 -> 1)
chainid: Nullary { opcode: 70 }, chainid (0 -> 1)
address: Nullary { opcode: 48 }, address (0 -> 1)
balance: Unary { opcode: 49 }, balance (1 -> 1)
selfbalance: Nullary { opcode: 71 }, selfbalance (0 -> 1)
gas: Nullary { opcode: 90 }, gas (0 -> 1)
basefee: Nullary { opcode: 72 }, basefee (0 -> 1)
blobbasefee: Nullary { opcode: 74 }, blobbasefee (0 -> 1)
blobhash: Unary { opcode: 73 }, blobhash (1 -> 1)
keccak256: Binary { opcode: 32 }, keccak256 (2 -> 1)
create: Nary { opcode: 240 }, create (3 -> 1)
create2: Nary { opcode: 245 }, create2 (4 -> 1)
log0: Log { opcode: 160 }, log0 (2 -> 0)
log1: Log { opcode: 161 }, log1 (3 -> 0)
log2: Log { opcode: 162 }, log2 (4 -> 0)
log3: Log { opcode: 163 }, log3 (5 -> 0)
log4: Log { opcode: 164 }, log4 (6 -> 0)
signextend: Binary { opcode: 11 }, signextend (2 -> 1)
