insert_value: -
extract_value: -
zext: word(operand0)
trunc: low_bits(operand0, bits)
sext: sign_extend(operand0, from_bits, to_bits)
ptrtoint: low_bits(operand0, bits)
inttoptr: word(operand0)
bitcast: word(operand0)
checked_binary: checked(op, arithmetic, lhs, rhs)
validate_storage_bytes: -
load_storage_bytes: -
load_storage_array: -
store_storage_bytes: -
store_storage_bytes_literal: -
clear_storage_words: -
validate_abi: -
abi_encode_packed: -
address_call: -
add: opcode(ADD)
sub: opcode(SUB)
mul: opcode(MUL)
div: opcode(DIV)
sdiv: opcode(SDIV)
mod: opcode(MOD)
smod: opcode(SMOD)
exp: opcode(EXP)
addmod: opcode(ADDMOD)
mulmod: opcode(MULMOD)
and: opcode(AND)
or: opcode(OR)
xor: opcode(XOR)
not: opcode(NOT)
clz: opcode(CLZ)
shl: opcode(SHL)
shr: opcode(SHR)
sar: opcode(SAR)
byte: opcode(BYTE)
lt: opcode(LT)
gt: opcode(GT)
slt: opcode(SLT)
sgt: opcode(SGT)
eq: opcode(EQ)
ne: not_equal(a, b)
mload: opcode(MLOAD)
mstore: opcode(MSTORE)
mstore8: opcode(MSTORE8)
memory_zero: -
msize: opcode(MSIZE)
fmp: -
set_fmp: -
alloc: allocate(size, kind, semantics)
memory_object_len: -
set_memory_object_len: -
memory_object_data: -
memory_object_field_addr: -
memory_object_element_addr: -
memory_object_load_field: -
memory_object_store_field: -
memory_object_load_element: -
memory_object_load_byte: -
memory_object_store_element: -
memory_object_store_byte: -
memory_object_store_word: -
memory_slice_load_word: -
calldata_slice_load_word: -
memory_object_copy_from_slice: -
memory_object_copy_from_slice_at: -
memory_object_copy: -
abi_encode: -
abi_decode: -
storage_to_memory: -
memory_to_storage: -
clear_storage: -
mcopy: opcode(MCOPY)
sload: opcode(SLOAD)
sstore: opcode(SSTORE)
tload: opcode(TLOAD)
tstore: opcode(TSTORE)
calldataload: opcode(CALLDATALOAD)
calldatacopy: opcode(CALLDATACOPY)
calldatasize: opcode(CALLDATASIZE)
make_memory_slice: -
slice_ptr: -
slice_len: -
internal_frame_addr: -
frame_load: -
frame_store: -
constructor_args_base: -
constructor_args_end: -
datacopy: data_copy(data, dest, size)
datasize: -
codesize: opcode(CODESIZE)
codecopy: opcode(CODECOPY)
extcodesize: opcode(EXTCODESIZE)
extcodecopy: opcode(EXTCODECOPY)
extcodehash: opcode(EXTCODEHASH)
storeimmutable: -
loadimmutable: -
library_address: -
returndatasize: opcode(RETURNDATASIZE)
returndatacopy: opcode(RETURNDATACOPY)
caller: opcode(CALLER)
callvalue: opcode(CALLVALUE)
origin: opcode(ORIGIN)
gasprice: opcode(GASPRICE)
blockhash: opcode(BLOCKHASH)
coinbase: opcode(COINBASE)
timestamp: opcode(TIMESTAMP)
number: opcode(NUMBER)
prevrandao: opcode(PREVRANDAO)
gaslimit: opcode(GASLIMIT)
slotnum: opcode(SLOTNUM)
chainid: opcode(CHAINID)
address: opcode(ADDRESS)
balance: opcode(BALANCE)
selfbalance: opcode(SELFBALANCE)
gas: opcode(GAS)
basefee: opcode(BASEFEE)
blobbasefee: opcode(BLOBBASEFEE)
blobhash: opcode(BLOBHASH)
keccak256: opcode(KECCAK256)
keccak256_bytes: -
mapping_slot: -
mapping_slot_memory: -
mapping_slot_calldata: -
storage_array_data_slot: -
storage_array_element_slot: -
call: opcode(CALL)
callcode: opcode(CALLCODE)
staticcall: opcode(STATICCALL)
delegatecall: opcode(DELEGATECALL)
icall: call(function, args)
create: opcode(CREATE)
create2: opcode(CREATE2)
log0: opcode(LOG0)
log1: opcode(LOG1)
log2: opcode(LOG2)
log3: opcode(LOG3)
log4: opcode(LOG4)
phi: phi(incoming)
select: select(cond, true_val, false_val)
signextend: opcode(SIGNEXTEND)
